{"apiVersion":"tekton.dev/v1","kind":"Pipeline","metadata":{"annotations":{"operator.tekton.dev/preserve-namespace":"true"},"labels":{"pipeline.openshift.io/runtime":"dotnet","pipeline.openshift.io/type":"openshift"},"name":"s2i-dotnet","namespace":"openshift"},"spec":{"params":[{"name":"APP_NAME","type":"string"},{"name":"GIT_REPO","type":"string"},{"name":"GIT_REVISION","type":"string"},{"name":"IMAGE_NAME","type":"string"},{"default":".","name":"PATH_CONTEXT","type":"string"},{"default":"3.1-ubi8","name":"VERSION","type":"string"}],"tasks":[{"name":"fetch-repository","params":[{"name":"URL","value":"$(params.GIT_REPO)"},{"name":"REVISION","value":"$(params.GIT_REVISION)"},{"name":"SUBDIRECTORY","value":""},{"name":"DELETE_EXISTING","value":"true"}],"taskRef":{"params":[{"name":"kind","value":"task"},{"name":"name","value":"git-clone"},{"name":"namespace","value":"openshift-pipelines"}],"resolver":"cluster"},"workspaces":[{"name":"output","workspace":"workspace"}]},{"name":"build","params":[{"name":"IMAGE","value":"$(params.IMAGE_NAME)"},{"name":"TLS_VERIFY","value":"false"},{"name":"CONTEXT","value":"$(params.PATH_CONTEXT)"},{"name":"VERSION","value":"$(params.VERSION)"}],"runAfter":["fetch-repository"],"taskRef":{"params":[{"name":"kind","value":"task"},{"name":"name","value":"s2i-dotnet"},{"name":"namespace","value":"openshift-pipelines"}],"resolver":"cluster"},"workspaces":[{"name":"source","workspace":"workspace"}]},{"name":"deploy","params":[{"name":"SCRIPT","value":"oc rollout status dc/$(params.APP_NAME)"}],"runAfter":["build"],"taskRef":{"params":[{"name":"kind","value":"task"},{"name":"name","value":"openshift-client"},{"name":"namespace","value":"openshift-pipelines"}],"resolver":"cluster"}}],"workspaces":[{"name":"workspace"}]}}
